
Memory Configuration

Name             Origin             Length             Attributes
sram             0x000000001fffff00 0x0000000000000400 xw
*default*        0x0000000000000000 0xffffffffffffffff

Linker script and memory map

LOAD obj/main.o
LOAD obj/startup.o
LOAD obj/crt0.o
START GROUP
LOAD /usr/lib/gcc/arm-none-eabi/4.9.3/armv6-m/libgcc.a
LOAD /usr/lib/gcc/arm-none-eabi/4.9.3/../../../arm-none-eabi/lib/armv6-m/libc.a
END GROUP
                0x0000000000000080                TOTAL_RESERVED_STACK = 0x80
                0x0000000020000300                _top_stack = 0x20000300

.all            0x000000001fffff00      0x138
                0x000000001fffff00                __interrupt_vector_table = .
 *(.interrupt_vector_table)
 .interrupt_vector_table
                0x000000001fffff00       0xc0 obj/crt0.o
 *(.unsecured_config)
 .unsecured_config
                0x000000001fffffc0       0x10 obj/crt0.o
                0x000000001fffffd0                . = ALIGN (0x4)
 *(.startup)
 .startup       0x000000001fffffd0       0x34 obj/crt0.o
                0x000000001fffffd0                _startup
                0x000000001fffffec                NMI_Handler
                0x000000001fffffee                HardFault_Handler
                0x000000001ffffff0                SVC_Handler
                0x000000001ffffff2                PendSV_Handler
                0x000000001ffffff4                SysTick_Handler
                0x000000001ffffff6                I2C0_IRQHandler
                0x000000001ffffff6                UART0_IRQHandler
                0x000000001ffffff6                ADC0_IRQHandler
                0x000000001ffffff6                FTMRE_IRQHandler
                0x000000001ffffff6                RTC_IRQHandler
                0x000000001ffffff6                IRQ_IRQHandler
                0x000000001ffffff6                PIT_CH0_IRQHandler
                0x000000001ffffff6                ACMP0_IRQHandler
                0x000000001ffffff6                PWT_IRQHandler
                0x000000001ffffff6                ICS_IRQHandler
                0x000000001ffffff6                PIT_CH1_IRQHandler
                0x000000001ffffff6                KBI0_IRQHandler
                0x000000001ffffff6                PMC_IRQHandler
                0x000000001ffffff6                SPI0_IRQHandler
                0x000000001ffffff6                FTM0_IRQHandler
                0x000000001ffffff6                WDOG_IRQHandler
                0x000000001ffffff6                FTM2_IRQHandler
                0x000000001ffffff6                ACMP1_IRQHandler
                0x000000001ffffff6                KBI1_IRQHandler
 *(.text)
 .text          0x0000000020000004        0x0 obj/main.o
 .text          0x0000000020000004       0x20 obj/startup.o
                0x0000000020000004                startup
 .text          0x0000000020000024        0x0 obj/crt0.o
 *(.text.*)
 .text.startup  0x0000000020000024       0x14 obj/main.o
                0x0000000020000024                main
 *(.glue_7)
 .glue_7        0x0000000020000038        0x0 linker stubs
 *(.glue_7t)
 .glue_7t       0x0000000020000038        0x0 linker stubs
                0x0000000020000038                . = ALIGN (0x4)
 *(.rodata)
 *(.rodata*)
 *(.data)
 .data          0x0000000020000038        0x0 obj/main.o
 .data          0x0000000020000038        0x0 obj/startup.o
 .data          0x0000000020000038        0x0 obj/crt0.o
 *(.data.*)
 *(.shdata)
                0x0000000020000038                . = ALIGN (0x4)
                0x0000000020000038                _start_bss = .
 *(.bss)
 .bss           0x0000000020000038        0x0 obj/main.o
 .bss           0x0000000020000038        0x0 obj/startup.o
 .bss           0x0000000020000038        0x0 obj/crt0.o
 *(.bss.*)
                0x0000000020000038                _end_bss = .
                0x0000000000000000                _bss_size = (_end_bss - _start_bss)
                0x0000000020000280                _start_stack = (_top_stack - TOTAL_RESERVED_STACK)
                [0x0000000020000300]                _top_stack = _top_stack
OUTPUT(bin/firmware.elf elf32-littlearm)

.vfp11_veneer   0x0000000020000038        0x0
 .vfp11_veneer  0x0000000020000038        0x0 linker stubs

.v4_bx          0x0000000020000038        0x0
 .v4_bx         0x0000000020000038        0x0 linker stubs

.iplt           0x0000000020000038        0x0
 .iplt          0x0000000020000038        0x0 obj/main.o

.igot.plt       0x0000000020000038        0x0
 .igot.plt      0x0000000020000038        0x0 obj/main.o

.rel.dyn        0x0000000020000038        0x0
 .rel.iplt      0x0000000020000038        0x0 obj/main.o

.debug_info     0x0000000000000000      0x1f8
 .debug_info    0x0000000000000000      0x119 obj/main.o
 .debug_info    0x0000000000000119       0xdf obj/startup.o

.debug_abbrev   0x0000000000000000      0x158
 .debug_abbrev  0x0000000000000000       0xac obj/main.o
 .debug_abbrev  0x00000000000000ac       0xac obj/startup.o

.debug_aranges  0x0000000000000000       0x40
 .debug_aranges
                0x0000000000000000       0x20 obj/main.o
 .debug_aranges
                0x0000000000000020       0x20 obj/startup.o

.debug_ranges   0x0000000000000000       0x10
 .debug_ranges  0x0000000000000000       0x10 obj/main.o

.debug_line     0x0000000000000000      0x132
 .debug_line    0x0000000000000000       0xad obj/main.o
 .debug_line    0x00000000000000ad       0x85 obj/startup.o

.debug_str      0x0000000000000000      0x15e
 .debug_str     0x0000000000000000      0x126 obj/main.o
                                        0x15a (size before relaxing)
 .debug_str     0x0000000000000126       0x38 obj/startup.o
                                        0x156 (size before relaxing)

.comment        0x0000000000000000       0x38
 .comment       0x0000000000000000       0x38 obj/main.o
                                         0x39 (size before relaxing)
 .comment       0x0000000000000038       0x39 obj/startup.o

.ARM.attributes
                0x0000000000000000       0x30
 .ARM.attributes
                0x0000000000000000       0x32 obj/main.o
 .ARM.attributes
                0x0000000000000032       0x32 obj/startup.o
 .ARM.attributes
                0x0000000000000064       0x22 obj/crt0.o

.debug_frame    0x0000000000000000       0x4c
 .debug_frame   0x0000000000000000       0x20 obj/main.o
 .debug_frame   0x0000000000000020       0x2c obj/startup.o

.debug_loc      0x0000000000000000       0x13
 .debug_loc     0x0000000000000000       0x13 obj/startup.o
