Archive member included to satisfy reference by file (symbol)

/usr/lib/gcc/arm-none-eabi/4.9.3/armv6-m/libgcc.a(_divsi3.o)
                              obj/main.o (__aeabi_idiv)
/usr/lib/gcc/arm-none-eabi/4.9.3/armv6-m/libgcc.a(_dvmd_tls.o)
                              /usr/lib/gcc/arm-none-eabi/4.9.3/armv6-m/libgcc.a(_divsi3.o) (__aeabi_idiv0)

Memory Configuration

Name             Origin             Length             Attributes
sram             0x000000001fffff00 0x0000000000000400 xw
flash            0x0000000000000000 0x0000000000001800
*default*        0x0000000000000000 0xffffffffffffffff

Linker script and memory map

LOAD obj/pit.o
LOAD obj/uart.o
LOAD obj/pwm.o
LOAD obj/main.o
LOAD obj/startup.o
LOAD obj/adc.o
LOAD obj/crt0.o
START GROUP
LOAD /usr/lib/gcc/arm-none-eabi/4.9.3/armv6-m/libgcc.a
LOAD /usr/lib/gcc/arm-none-eabi/4.9.3/../../../arm-none-eabi/lib/armv6-m/libc.a
END GROUP
                0x0000000000000080                TOTAL_RESERVED_STACK = 0x80
                0x0000000020000300                _top_stack = 0x20000300

.flashonly      0x0000000000000000      0x5fa
                0x0000000000000000                __interrupt_vector_table = .
 *(.interrupt_vector_table)
 .interrupt_vector_table
                0x0000000000000000       0xc0 obj/crt0.o
 *(.unsecured_config)
 .unsecured_config
                0x00000000000000c0       0x10 obj/crt0.o
                0x00000000000000d0                . = ALIGN (0x4)
 *(.startup)
 .startup       0x00000000000000d0       0x5c obj/crt0.o
                0x00000000000000d0                _startup
                0x0000000000000102                NMI_Handler
                0x0000000000000104                HardFault_Handler
                0x0000000000000106                SVC_Handler
                0x0000000000000108                PendSV_Handler
                0x000000000000010a                SysTick_Handler
                0x000000000000010c                I2C0_IRQHandler
                0x000000000000010c                ADC0_IRQHandler
                0x000000000000010c                FTMRE_IRQHandler
                0x000000000000010c                RTC_IRQHandler
                0x000000000000010c                IRQ_IRQHandler
                0x000000000000010c                ACMP0_IRQHandler
                0x000000000000010c                PWT_IRQHandler
                0x000000000000010c                ICS_IRQHandler
                0x000000000000010c                PIT_CH1_IRQHandler
                0x000000000000010c                KBI0_IRQHandler
                0x000000000000010c                PMC_IRQHandler
                0x000000000000010c                SPI0_IRQHandler
                0x000000000000010c                FTM0_IRQHandler
                0x000000000000010c                WDOG_IRQHandler
                0x000000000000010c                FTM2_IRQHandler
                0x000000000000010c                ACMP1_IRQHandler
                0x000000000000010c                KBI1_IRQHandler
 *(.text)
 .text          0x000000000000012c       0x74 obj/pit.o
                0x000000000000012c                setup_PIT
                0x0000000000000164                PIT_CH0_IRQHandler
                0x000000000000017c                getTicks
                0x0000000000000188                delayms
 .text          0x00000000000001a0      0x108 obj/uart.o
                0x00000000000001a0                push_recv_val
                0x00000000000001dc                availableUART
                0x00000000000001e8                readUART
                0x0000000000000220                writeUART
                0x0000000000000234                writeUART_str
                0x0000000000000248                setup_UART
                0x0000000000000290                UART0_IRQHandler
 .text          0x00000000000002a8       0x3c obj/pwm.o
                0x00000000000002a8                setup_PWM
                0x00000000000002d8                pwm_set_amount
 .text          0x00000000000002e4       0x3c obj/main.o
                0x00000000000002e4                setup
                0x0000000000000304                map
 .text          0x0000000000000320       0x48 obj/startup.o
                0x0000000000000320                startup
 .text          0x0000000000000368       0x40 obj/adc.o
                0x0000000000000368                setup_ADC
                0x0000000000000390                get_ADC
 .text          0x00000000000003a8        0x0 obj/crt0.o
 .text          0x00000000000003a8      0x1e0 /usr/lib/gcc/arm-none-eabi/4.9.3/armv6-m/libgcc.a(_divsi3.o)
                0x00000000000003a8                __aeabi_idiv
                0x00000000000003a8                __divsi3
                0x0000000000000574                __aeabi_idivmod
 .text          0x0000000000000588        0x4 /usr/lib/gcc/arm-none-eabi/4.9.3/armv6-m/libgcc.a(_dvmd_tls.o)
                0x0000000000000588                __aeabi_ldiv0
                0x0000000000000588                __aeabi_idiv0
 *(.text.*)
 .text.startup  0x000000000000058c       0x68 obj/main.o
                0x000000000000058c                main
 *(.glue_7)
 .glue_7        0x00000000000005f4        0x0 linker stubs
 *(.glue_7t)
 .glue_7t       0x00000000000005f4        0x0 linker stubs
                0x00000000000005f4                . = ALIGN (0x4)
 *(.rodata)
 *(.rodata*)
 .rodata.str1.1
                0x00000000000005f4        0x6 obj/main.o

.vfp11_veneer   0x00000000000005fc        0x0
 .vfp11_veneer  0x00000000000005fc        0x0 linker stubs

.v4_bx          0x00000000000005fc        0x0
 .v4_bx         0x00000000000005fc        0x0 linker stubs

.iplt           0x00000000000005fc        0x0
 .iplt          0x00000000000005fc        0x0 obj/pit.o

.igot.plt       0x00000000000005fc        0x0
 .igot.plt      0x00000000000005fc        0x0 obj/pit.o

.rel.dyn        0x00000000000005fc        0x0
 .rel.iplt      0x00000000000005fc        0x0 obj/pit.o

.flash_at_rest_ram_at_run
                0x000000001fffff00        0x0 load address 0x00000000000005fa
                0x000000001fffff00                . = ALIGN (0x4)
                0x000000001fffff00                _start_data = .
 *(.data)
 .data          0x000000001fffff00        0x0 obj/pit.o
 .data          0x000000001fffff00        0x0 obj/uart.o
 .data          0x000000001fffff00        0x0 obj/pwm.o
 .data          0x000000001fffff00        0x0 obj/main.o
 .data          0x000000001fffff00        0x0 obj/startup.o
 .data          0x000000001fffff00        0x0 obj/adc.o
 .data          0x000000001fffff00        0x0 obj/crt0.o
 .data          0x000000001fffff00        0x0 /usr/lib/gcc/arm-none-eabi/4.9.3/armv6-m/libgcc.a(_divsi3.o)
 .data          0x000000001fffff00        0x0 /usr/lib/gcc/arm-none-eabi/4.9.3/armv6-m/libgcc.a(_dvmd_tls.o)
 *(.data.*)
 *(.shdata)
                0x000000001fffff00                _end_data = .

.ram_only       0x000000001fffff00       0x27 load address 0x00000000000005fa
                0x000000001fffff00                . = ALIGN (0x4)
                0x000000001fffff00                _start_bss = .
 *(.bss)
 .bss           0x000000001fffff00        0x4 obj/pit.o
                0x000000001fffff00                counter
 .bss           0x000000001fffff04       0x23 obj/uart.o
                0x000000001fffff04                UART_RECV_HEAD_INDEX
                0x000000001fffff05                UART_RECV_TAIL_INDEX
                0x000000001fffff06                UART_RECV_HAS_DATA
                0x000000001fffff07                UART_RECV_BUFF
 .bss           0x000000001fffff27        0x0 obj/pwm.o
 .bss           0x000000001fffff27        0x0 obj/main.o
 .bss           0x000000001fffff27        0x0 obj/startup.o
 .bss           0x000000001fffff27        0x0 obj/adc.o
 .bss           0x000000001fffff27        0x0 obj/crt0.o
 .bss           0x000000001fffff27        0x0 /usr/lib/gcc/arm-none-eabi/4.9.3/armv6-m/libgcc.a(_divsi3.o)
 .bss           0x000000001fffff27        0x0 /usr/lib/gcc/arm-none-eabi/4.9.3/armv6-m/libgcc.a(_dvmd_tls.o)
 *(.bss.*)
                0x000000001fffff27                _end_bss = .
                0x0000000000000027                _bss_size = (_end_bss - _start_bss)
                0x0000000000000000                _data_size = (_end_data - _start_data)
                0x00000000000005fa                _data_flash_addr = LOADADDR (.flash_at_rest_ram_at_run)
                0x0000000020000280                _start_stack = (_top_stack - TOTAL_RESERVED_STACK)
                [0x0000000020000300]                _top_stack = _top_stack
OUTPUT(bin/firmware.elf elf32-littlearm)

.debug_info     0x0000000000000000     0x12fd
 .debug_info    0x0000000000000000      0x35f obj/pit.o
 .debug_info    0x000000000000035f      0x40c obj/uart.o
 .debug_info    0x000000000000076b      0x2fa obj/pwm.o
 .debug_info    0x0000000000000a65      0x36a obj/main.o
 .debug_info    0x0000000000000dcf      0x212 obj/startup.o
 .debug_info    0x0000000000000fe1      0x1aa obj/adc.o
 .debug_info    0x000000000000118b       0xb9 /usr/lib/gcc/arm-none-eabi/4.9.3/armv6-m/libgcc.a(_divsi3.o)
 .debug_info    0x0000000000001244       0xb9 /usr/lib/gcc/arm-none-eabi/4.9.3/armv6-m/libgcc.a(_dvmd_tls.o)

.debug_abbrev   0x0000000000000000      0x815
 .debug_abbrev  0x0000000000000000      0x176 obj/pit.o
 .debug_abbrev  0x0000000000000176      0x1cb obj/uart.o
 .debug_abbrev  0x0000000000000341       0xce obj/pwm.o
 .debug_abbrev  0x000000000000040f      0x1aa obj/main.o
 .debug_abbrev  0x00000000000005b9      0x15c obj/startup.o
 .debug_abbrev  0x0000000000000715       0xd8 obj/adc.o
 .debug_abbrev  0x00000000000007ed       0x14 /usr/lib/gcc/arm-none-eabi/4.9.3/armv6-m/libgcc.a(_divsi3.o)
 .debug_abbrev  0x0000000000000801       0x14 /usr/lib/gcc/arm-none-eabi/4.9.3/armv6-m/libgcc.a(_dvmd_tls.o)

.debug_loc      0x0000000000000000      0x1f4
 .debug_loc     0x0000000000000000       0x21 obj/pit.o
 .debug_loc     0x0000000000000021       0x3f obj/uart.o
 .debug_loc     0x0000000000000060      0x181 obj/main.o
 .debug_loc     0x00000000000001e1       0x13 obj/startup.o

.debug_aranges  0x0000000000000000      0x108
 .debug_aranges
                0x0000000000000000       0x20 obj/pit.o
 .debug_aranges
                0x0000000000000020       0x20 obj/uart.o
 .debug_aranges
                0x0000000000000040       0x20 obj/pwm.o
 .debug_aranges
                0x0000000000000060       0x28 obj/main.o
 .debug_aranges
                0x0000000000000088       0x20 obj/startup.o
 .debug_aranges
                0x00000000000000a8       0x20 obj/adc.o
 .debug_aranges
                0x00000000000000c8       0x20 /usr/lib/gcc/arm-none-eabi/4.9.3/armv6-m/libgcc.a(_divsi3.o)
 .debug_aranges
                0x00000000000000e8       0x20 /usr/lib/gcc/arm-none-eabi/4.9.3/armv6-m/libgcc.a(_dvmd_tls.o)

.debug_ranges   0x0000000000000000       0x48
 .debug_ranges  0x0000000000000000       0x18 obj/pit.o
 .debug_ranges  0x0000000000000018       0x18 obj/main.o
 .debug_ranges  0x0000000000000030       0x18 obj/startup.o

.debug_line     0x0000000000000000      0x559
 .debug_line    0x0000000000000000       0xc2 obj/pit.o
 .debug_line    0x00000000000000c2       0xf4 obj/uart.o
 .debug_line    0x00000000000001b6       0x96 obj/pwm.o
 .debug_line    0x000000000000024c       0xba obj/main.o
 .debug_line    0x0000000000000306       0xe3 obj/startup.o
 .debug_line    0x00000000000003e9       0x9f obj/adc.o
 .debug_line    0x0000000000000488       0x73 /usr/lib/gcc/arm-none-eabi/4.9.3/armv6-m/libgcc.a(_divsi3.o)
 .debug_line    0x00000000000004fb       0x5e /usr/lib/gcc/arm-none-eabi/4.9.3/armv6-m/libgcc.a(_dvmd_tls.o)

.debug_str      0x0000000000000000      0x4a4
 .debug_str     0x0000000000000000      0x211 obj/pit.o
                                        0x24b (size before relaxing)
 .debug_str     0x0000000000000211       0xec obj/uart.o
                                        0x2ad (size before relaxing)
 .debug_str     0x00000000000002fd       0xbb obj/pwm.o
                                        0x241 (size before relaxing)
 .debug_str     0x00000000000003b8       0x79 obj/main.o
                                        0x1e3 (size before relaxing)
 .debug_str     0x0000000000000431       0x59 obj/startup.o
                                        0x1b6 (size before relaxing)
 .debug_str     0x000000000000048a       0x1a obj/adc.o
                                        0x199 (size before relaxing)

.comment        0x0000000000000000       0x38
 .comment       0x0000000000000000       0x38 obj/pit.o
                                         0x39 (size before relaxing)
 .comment       0x0000000000000038       0x39 obj/uart.o
 .comment       0x0000000000000038       0x39 obj/pwm.o
 .comment       0x0000000000000038       0x39 obj/main.o
 .comment       0x0000000000000038       0x39 obj/startup.o
 .comment       0x0000000000000038       0x39 obj/adc.o

.ARM.attributes
                0x0000000000000000       0x30
 .ARM.attributes
                0x0000000000000000       0x32 obj/pit.o
 .ARM.attributes
                0x0000000000000032       0x32 obj/uart.o
 .ARM.attributes
                0x0000000000000064       0x32 obj/pwm.o
 .ARM.attributes
                0x0000000000000096       0x32 obj/main.o
 .ARM.attributes
                0x00000000000000c8       0x32 obj/startup.o
 .ARM.attributes
                0x00000000000000fa       0x32 obj/adc.o
 .ARM.attributes
                0x000000000000012c       0x22 obj/crt0.o
 .ARM.attributes
                0x000000000000014e       0x1e /usr/lib/gcc/arm-none-eabi/4.9.3/armv6-m/libgcc.a(_divsi3.o)
 .ARM.attributes
                0x000000000000016c       0x1e /usr/lib/gcc/arm-none-eabi/4.9.3/armv6-m/libgcc.a(_dvmd_tls.o)

.debug_frame    0x0000000000000000      0x204
 .debug_frame   0x0000000000000000       0x5c obj/pit.o
 .debug_frame   0x000000000000005c       0xa4 obj/uart.o
 .debug_frame   0x0000000000000100       0x30 obj/pwm.o
 .debug_frame   0x0000000000000130       0x58 obj/main.o
 .debug_frame   0x0000000000000188       0x2c obj/startup.o
 .debug_frame   0x00000000000001b4       0x30 obj/adc.o
 .debug_frame   0x00000000000001e4       0x20 /usr/lib/gcc/arm-none-eabi/4.9.3/armv6-m/libgcc.a(_divsi3.o)
