Archive member included to satisfy reference by file (symbol)

/usr/lib/gcc/arm-none-eabi/4.9.3/armv6-m/libgcc.a(_divsi3.o)
                              obj/main.o (__aeabi_idiv)
/usr/lib/gcc/arm-none-eabi/4.9.3/armv6-m/libgcc.a(_dvmd_tls.o)
                              /usr/lib/gcc/arm-none-eabi/4.9.3/armv6-m/libgcc.a(_divsi3.o) (__aeabi_idiv0)

Memory Configuration

Name             Origin             Length             Attributes
sram             0x000000001fffff00 0x0000000000000400 xw
flash            0x0000000000000000 0x0000000000001800
*default*        0x0000000000000000 0xffffffffffffffff

Linker script and memory map

LOAD obj/pit.o
LOAD obj/pwm.o
LOAD obj/main.o
LOAD obj/startup.o
LOAD obj/adc.o
LOAD obj/crt0.o
START GROUP
LOAD /usr/lib/gcc/arm-none-eabi/4.9.3/armv6-m/libgcc.a
LOAD /usr/lib/gcc/arm-none-eabi/4.9.3/../../../arm-none-eabi/lib/armv6-m/libc.a
END GROUP
                0x0000000000000080                TOTAL_RESERVED_STACK = 0x80
                0x0000000020000300                _top_stack = 0x20000300

.flashonly      0x0000000000000000      0x4b8
                0x0000000000000000                __interrupt_vector_table = .
 *(.interrupt_vector_table)
 .interrupt_vector_table
                0x0000000000000000       0xc0 obj/crt0.o
 *(.unsecured_config)
 .unsecured_config
                0x00000000000000c0       0x10 obj/crt0.o
                0x00000000000000d0                . = ALIGN (0x4)
 *(.startup)
 .startup       0x00000000000000d0       0x5c obj/crt0.o
                0x00000000000000d0                _startup
                0x0000000000000102                NMI_Handler
                0x0000000000000104                HardFault_Handler
                0x0000000000000106                SVC_Handler
                0x0000000000000108                PendSV_Handler
                0x000000000000010a                SysTick_Handler
                0x000000000000010c                I2C0_IRQHandler
                0x000000000000010c                UART0_IRQHandler
                0x000000000000010c                ADC0_IRQHandler
                0x000000000000010c                FTMRE_IRQHandler
                0x000000000000010c                RTC_IRQHandler
                0x000000000000010c                IRQ_IRQHandler
                0x000000000000010c                ACMP0_IRQHandler
                0x000000000000010c                PWT_IRQHandler
                0x000000000000010c                ICS_IRQHandler
                0x000000000000010c                PIT_CH1_IRQHandler
                0x000000000000010c                KBI0_IRQHandler
                0x000000000000010c                PMC_IRQHandler
                0x000000000000010c                SPI0_IRQHandler
                0x000000000000010c                FTM0_IRQHandler
                0x000000000000010c                WDOG_IRQHandler
                0x000000000000010c                FTM2_IRQHandler
                0x000000000000010c                ACMP1_IRQHandler
                0x000000000000010c                KBI1_IRQHandler
 *(.text)
 .text          0x000000000000012c       0x74 obj/pit.o
                0x000000000000012c                setup_PIT
                0x0000000000000164                PIT_CH0_IRQHandler
                0x000000000000017c                getTicks
                0x0000000000000188                delayms
 .text          0x00000000000001a0       0x3c obj/pwm.o
                0x00000000000001a0                setup_PWM
                0x00000000000001d0                pwm_set_amount
 .text          0x00000000000001dc       0x3c obj/main.o
                0x00000000000001dc                setup
                0x00000000000001fc                map
 .text          0x0000000000000218       0x44 obj/startup.o
                0x0000000000000218                startup
 .text          0x000000000000025c       0x40 obj/adc.o
                0x000000000000025c                setup_ADC
                0x0000000000000284                get_ADC
 .text          0x000000000000029c        0x0 obj/crt0.o
 .text          0x000000000000029c      0x1e0 /usr/lib/gcc/arm-none-eabi/4.9.3/armv6-m/libgcc.a(_divsi3.o)
                0x000000000000029c                __aeabi_idiv
                0x000000000000029c                __divsi3
                0x0000000000000468                __aeabi_idivmod
 .text          0x000000000000047c        0x4 /usr/lib/gcc/arm-none-eabi/4.9.3/armv6-m/libgcc.a(_dvmd_tls.o)
                0x000000000000047c                __aeabi_ldiv0
                0x000000000000047c                __aeabi_idiv0
 *(.text.*)
 .text.startup  0x0000000000000480       0x38 obj/main.o
                0x0000000000000480                main
 *(.glue_7)
 .glue_7        0x00000000000004b8        0x0 linker stubs
 *(.glue_7t)
 .glue_7t       0x00000000000004b8        0x0 linker stubs
                0x00000000000004b8                . = ALIGN (0x4)
 *(.rodata)
 *(.rodata*)

.vfp11_veneer   0x00000000000004b8        0x0
 .vfp11_veneer  0x00000000000004b8        0x0 linker stubs

.v4_bx          0x00000000000004b8        0x0
 .v4_bx         0x00000000000004b8        0x0 linker stubs

.iplt           0x00000000000004b8        0x0
 .iplt          0x00000000000004b8        0x0 obj/pit.o

.igot.plt       0x00000000000004b8        0x0
 .igot.plt      0x00000000000004b8        0x0 obj/pit.o

.rel.dyn        0x00000000000004b8        0x0
 .rel.iplt      0x00000000000004b8        0x0 obj/pit.o

.flash_at_rest_ram_at_run
                0x000000001fffff00        0x0 load address 0x00000000000004b8
                0x000000001fffff00                . = ALIGN (0x4)
                0x000000001fffff00                _start_data = .
 *(.data)
 .data          0x000000001fffff00        0x0 obj/pit.o
 .data          0x000000001fffff00        0x0 obj/pwm.o
 .data          0x000000001fffff00        0x0 obj/main.o
 .data          0x000000001fffff00        0x0 obj/startup.o
 .data          0x000000001fffff00        0x0 obj/adc.o
 .data          0x000000001fffff00        0x0 obj/crt0.o
 .data          0x000000001fffff00        0x0 /usr/lib/gcc/arm-none-eabi/4.9.3/armv6-m/libgcc.a(_divsi3.o)
 .data          0x000000001fffff00        0x0 /usr/lib/gcc/arm-none-eabi/4.9.3/armv6-m/libgcc.a(_dvmd_tls.o)
 *(.data.*)
 *(.shdata)
                0x000000001fffff00                _end_data = .

.ram_only       0x000000001fffff00        0x4 load address 0x00000000000004b8
                0x000000001fffff00                . = ALIGN (0x4)
                0x000000001fffff00                _start_bss = .
 *(.bss)
 .bss           0x000000001fffff00        0x4 obj/pit.o
                0x000000001fffff00                counter
 .bss           0x000000001fffff04        0x0 obj/pwm.o
 .bss           0x000000001fffff04        0x0 obj/main.o
 .bss           0x000000001fffff04        0x0 obj/startup.o
 .bss           0x000000001fffff04        0x0 obj/adc.o
 .bss           0x000000001fffff04        0x0 obj/crt0.o
 .bss           0x000000001fffff04        0x0 /usr/lib/gcc/arm-none-eabi/4.9.3/armv6-m/libgcc.a(_divsi3.o)
 .bss           0x000000001fffff04        0x0 /usr/lib/gcc/arm-none-eabi/4.9.3/armv6-m/libgcc.a(_dvmd_tls.o)
 *(.bss.*)
                0x000000001fffff04                _end_bss = .
                0x0000000000000004                _bss_size = (_end_bss - _start_bss)
                0x0000000000000000                _data_size = (_end_data - _start_data)
                0x00000000000004b8                _data_flash_addr = LOADADDR (.flash_at_rest_ram_at_run)
                0x0000000020000280                _start_stack = (_top_stack - TOTAL_RESERVED_STACK)
                [0x0000000020000300]                _top_stack = _top_stack
OUTPUT(bin/firmware.elf elf32-littlearm)

.debug_info     0x0000000000000000      0xdea
 .debug_info    0x0000000000000000      0x35f obj/pit.o
 .debug_info    0x000000000000035f      0x2fa obj/pwm.o
 .debug_info    0x0000000000000659      0x28e obj/main.o
 .debug_info    0x00000000000008e7      0x1e7 obj/startup.o
 .debug_info    0x0000000000000ace      0x1aa obj/adc.o
 .debug_info    0x0000000000000c78       0xb9 /usr/lib/gcc/arm-none-eabi/4.9.3/armv6-m/libgcc.a(_divsi3.o)
 .debug_info    0x0000000000000d31       0xb9 /usr/lib/gcc/arm-none-eabi/4.9.3/armv6-m/libgcc.a(_dvmd_tls.o)

.debug_abbrev   0x0000000000000000      0x622
 .debug_abbrev  0x0000000000000000      0x176 obj/pit.o
 .debug_abbrev  0x0000000000000176       0xce obj/pwm.o
 .debug_abbrev  0x0000000000000244      0x182 obj/main.o
 .debug_abbrev  0x00000000000003c6      0x15c obj/startup.o
 .debug_abbrev  0x0000000000000522       0xd8 obj/adc.o
 .debug_abbrev  0x00000000000005fa       0x14 /usr/lib/gcc/arm-none-eabi/4.9.3/armv6-m/libgcc.a(_divsi3.o)
 .debug_abbrev  0x000000000000060e       0x14 /usr/lib/gcc/arm-none-eabi/4.9.3/armv6-m/libgcc.a(_dvmd_tls.o)

.debug_loc      0x0000000000000000      0x10f
 .debug_loc     0x0000000000000000       0x21 obj/pit.o
 .debug_loc     0x0000000000000021       0xdb obj/main.o
 .debug_loc     0x00000000000000fc       0x13 obj/startup.o

.debug_aranges  0x0000000000000000       0xe8
 .debug_aranges
                0x0000000000000000       0x20 obj/pit.o
 .debug_aranges
                0x0000000000000020       0x20 obj/pwm.o
 .debug_aranges
                0x0000000000000040       0x28 obj/main.o
 .debug_aranges
                0x0000000000000068       0x20 obj/startup.o
 .debug_aranges
                0x0000000000000088       0x20 obj/adc.o
 .debug_aranges
                0x00000000000000a8       0x20 /usr/lib/gcc/arm-none-eabi/4.9.3/armv6-m/libgcc.a(_divsi3.o)
 .debug_aranges
                0x00000000000000c8       0x20 /usr/lib/gcc/arm-none-eabi/4.9.3/armv6-m/libgcc.a(_dvmd_tls.o)

.debug_ranges   0x0000000000000000       0x48
 .debug_ranges  0x0000000000000000       0x18 obj/pit.o
 .debug_ranges  0x0000000000000018       0x18 obj/main.o
 .debug_ranges  0x0000000000000030       0x18 obj/startup.o

.debug_line     0x0000000000000000      0x476
 .debug_line    0x0000000000000000       0xc2 obj/pit.o
 .debug_line    0x00000000000000c2       0x96 obj/pwm.o
 .debug_line    0x0000000000000158       0xcc obj/main.o
 .debug_line    0x0000000000000224       0xe2 obj/startup.o
 .debug_line    0x0000000000000306       0x9f obj/adc.o
 .debug_line    0x00000000000003a5       0x73 /usr/lib/gcc/arm-none-eabi/4.9.3/armv6-m/libgcc.a(_divsi3.o)
 .debug_line    0x0000000000000418       0x5e /usr/lib/gcc/arm-none-eabi/4.9.3/armv6-m/libgcc.a(_dvmd_tls.o)

.debug_str      0x0000000000000000      0x3c1
 .debug_str     0x0000000000000000      0x211 obj/pit.o
                                        0x24b (size before relaxing)
 .debug_str     0x0000000000000211       0xc4 obj/pwm.o
                                        0x241 (size before relaxing)
 .debug_str     0x00000000000002d5       0x79 obj/main.o
                                        0x1cc (size before relaxing)
 .debug_str     0x000000000000034e       0x59 obj/startup.o
                                        0x1ab (size before relaxing)
 .debug_str     0x00000000000003a7       0x1a obj/adc.o
                                        0x199 (size before relaxing)

.comment        0x0000000000000000       0x38
 .comment       0x0000000000000000       0x38 obj/pit.o
                                         0x39 (size before relaxing)
 .comment       0x0000000000000038       0x39 obj/pwm.o
 .comment       0x0000000000000038       0x39 obj/main.o
 .comment       0x0000000000000038       0x39 obj/startup.o
 .comment       0x0000000000000038       0x39 obj/adc.o

.ARM.attributes
                0x0000000000000000       0x30
 .ARM.attributes
                0x0000000000000000       0x32 obj/pit.o
 .ARM.attributes
                0x0000000000000032       0x32 obj/pwm.o
 .ARM.attributes
                0x0000000000000064       0x32 obj/main.o
 .ARM.attributes
                0x0000000000000096       0x32 obj/startup.o
 .ARM.attributes
                0x00000000000000c8       0x32 obj/adc.o
 .ARM.attributes
                0x00000000000000fa       0x22 obj/crt0.o
 .ARM.attributes
                0x000000000000011c       0x1e /usr/lib/gcc/arm-none-eabi/4.9.3/armv6-m/libgcc.a(_divsi3.o)
 .ARM.attributes
                0x000000000000013a       0x1e /usr/lib/gcc/arm-none-eabi/4.9.3/armv6-m/libgcc.a(_dvmd_tls.o)

.debug_frame    0x0000000000000000      0x160
 .debug_frame   0x0000000000000000       0x5c obj/pit.o
 .debug_frame   0x000000000000005c       0x30 obj/pwm.o
 .debug_frame   0x000000000000008c       0x58 obj/main.o
 .debug_frame   0x00000000000000e4       0x2c obj/startup.o
 .debug_frame   0x0000000000000110       0x30 obj/adc.o
 .debug_frame   0x0000000000000140       0x20 /usr/lib/gcc/arm-none-eabi/4.9.3/armv6-m/libgcc.a(_divsi3.o)
