
Memory Configuration

Name             Origin             Length             Attributes
sram             0x000000001fffff00 0x0000000000000400 xw
flash            0x0000000000000000 0x0000000000001800
*default*        0x0000000000000000 0xffffffffffffffff

Linker script and memory map

LOAD obj/pit.o
LOAD obj/main.o
LOAD obj/startup.o
LOAD obj/crt0.o
START GROUP
LOAD /usr/lib/gcc/arm-none-eabi/4.9.3/armv6-m/libgcc.a
LOAD /usr/lib/gcc/arm-none-eabi/4.9.3/../../../arm-none-eabi/lib/armv6-m/libc.a
END GROUP
                0x0000000000000080                TOTAL_RESERVED_STACK = 0x80
                0x0000000020000300                _top_stack = 0x20000300

.flashonly      0x0000000000000000      0x20c
                0x0000000000000000                __interrupt_vector_table = .
 *(.interrupt_vector_table)
 .interrupt_vector_table
                0x0000000000000000       0xc0 obj/crt0.o
 *(.unsecured_config)
 .unsecured_config
                0x00000000000000c0       0x10 obj/crt0.o
                0x00000000000000d0                . = ALIGN (0x4)
 *(.startup)
 .startup       0x00000000000000d0       0x5c obj/crt0.o
                0x00000000000000d0                _startup
                0x0000000000000102                NMI_Handler
                0x0000000000000104                HardFault_Handler
                0x0000000000000106                SVC_Handler
                0x0000000000000108                PendSV_Handler
                0x000000000000010a                SysTick_Handler
                0x000000000000010c                I2C0_IRQHandler
                0x000000000000010c                UART0_IRQHandler
                0x000000000000010c                ADC0_IRQHandler
                0x000000000000010c                FTMRE_IRQHandler
                0x000000000000010c                RTC_IRQHandler
                0x000000000000010c                IRQ_IRQHandler
                0x000000000000010c                ACMP0_IRQHandler
                0x000000000000010c                PWT_IRQHandler
                0x000000000000010c                ICS_IRQHandler
                0x000000000000010c                PIT_CH1_IRQHandler
                0x000000000000010c                KBI0_IRQHandler
                0x000000000000010c                PMC_IRQHandler
                0x000000000000010c                SPI0_IRQHandler
                0x000000000000010c                FTM0_IRQHandler
                0x000000000000010c                WDOG_IRQHandler
                0x000000000000010c                FTM2_IRQHandler
                0x000000000000010c                ACMP1_IRQHandler
                0x000000000000010c                KBI1_IRQHandler
 *(.text)
 .text          0x000000000000012c       0x74 obj/pit.o
                0x000000000000012c                setup_PIT
                0x0000000000000164                PIT_CH0_IRQHandler
                0x000000000000017c                getTicks
                0x0000000000000188                delayms
 .text          0x00000000000001a0        0x0 obj/main.o
 .text          0x00000000000001a0       0x34 obj/startup.o
                0x00000000000001a0                startup
 .text          0x00000000000001d4        0x0 obj/crt0.o
 *(.text.*)
 .text.startup  0x00000000000001d4       0x38 obj/main.o
                0x00000000000001d4                main
 *(.glue_7)
 .glue_7        0x000000000000020c        0x0 linker stubs
 *(.glue_7t)
 .glue_7t       0x000000000000020c        0x0 linker stubs
                0x000000000000020c                . = ALIGN (0x4)
 *(.rodata)
 *(.rodata*)

.vfp11_veneer   0x000000000000020c        0x0
 .vfp11_veneer  0x000000000000020c        0x0 linker stubs

.v4_bx          0x000000000000020c        0x0
 .v4_bx         0x000000000000020c        0x0 linker stubs

.iplt           0x000000000000020c        0x0
 .iplt          0x000000000000020c        0x0 obj/pit.o

.igot.plt       0x000000000000020c        0x0
 .igot.plt      0x000000000000020c        0x0 obj/pit.o

.rel.dyn        0x000000000000020c        0x0
 .rel.iplt      0x000000000000020c        0x0 obj/pit.o

.flash_at_rest_ram_at_run
                0x000000001fffff00        0x0 load address 0x000000000000020c
                0x000000001fffff00                . = ALIGN (0x4)
                0x000000001fffff00                _start_data = .
 *(.data)
 .data          0x000000001fffff00        0x0 obj/pit.o
 .data          0x000000001fffff00        0x0 obj/main.o
 .data          0x000000001fffff00        0x0 obj/startup.o
 .data          0x000000001fffff00        0x0 obj/crt0.o
 *(.data.*)
 *(.shdata)
                0x000000001fffff00                _end_data = .

.ram_only       0x000000001fffff00        0x4 load address 0x000000000000020c
                0x000000001fffff00                . = ALIGN (0x4)
                0x000000001fffff00                _start_bss = .
 *(.bss)
 .bss           0x000000001fffff00        0x4 obj/pit.o
                0x000000001fffff00                counter
 .bss           0x000000001fffff04        0x0 obj/main.o
 .bss           0x000000001fffff04        0x0 obj/startup.o
 .bss           0x000000001fffff04        0x0 obj/crt0.o
 *(.bss.*)
                0x000000001fffff04                _end_bss = .
                0x0000000000000004                _bss_size = (_end_bss - _start_bss)
                0x0000000000000000                _data_size = (_end_data - _start_data)
                0x000000000000020c                _data_flash_addr = LOADADDR (.flash_at_rest_ram_at_run)
                0x0000000020000280                _start_stack = (_top_stack - TOTAL_RESERVED_STACK)
                [0x0000000020000300]                _top_stack = _top_stack
OUTPUT(bin/firmware.elf elf32-littlearm)

.debug_info     0x0000000000000000      0x62c
 .debug_info    0x0000000000000000      0x35f obj/pit.o
 .debug_info    0x000000000000035f      0x149 obj/main.o
 .debug_info    0x00000000000004a8      0x184 obj/startup.o

.debug_abbrev   0x0000000000000000      0x378
 .debug_abbrev  0x0000000000000000      0x176 obj/pit.o
 .debug_abbrev  0x0000000000000176       0xd5 obj/main.o
 .debug_abbrev  0x000000000000024b      0x12d obj/startup.o

.debug_loc      0x0000000000000000       0x34
 .debug_loc     0x0000000000000000       0x21 obj/pit.o
 .debug_loc     0x0000000000000021       0x13 obj/startup.o

.debug_aranges  0x0000000000000000       0x60
 .debug_aranges
                0x0000000000000000       0x20 obj/pit.o
 .debug_aranges
                0x0000000000000020       0x20 obj/main.o
 .debug_aranges
                0x0000000000000040       0x20 obj/startup.o

.debug_ranges   0x0000000000000000       0x40
 .debug_ranges  0x0000000000000000       0x18 obj/pit.o
 .debug_ranges  0x0000000000000018       0x10 obj/main.o
 .debug_ranges  0x0000000000000028       0x18 obj/startup.o

.debug_line     0x0000000000000000      0x232
 .debug_line    0x0000000000000000       0xc2 obj/pit.o
 .debug_line    0x00000000000000c2       0xbf obj/main.o
 .debug_line    0x0000000000000181       0xb1 obj/startup.o

.debug_str      0x0000000000000000      0x2a3
 .debug_str     0x0000000000000000      0x217 obj/pit.o
                                        0x24b (size before relaxing)
 .debug_str     0x0000000000000217       0x4a obj/main.o
                                        0x17d (size before relaxing)
 .debug_str     0x0000000000000261       0x42 obj/startup.o
                                        0x184 (size before relaxing)

.comment        0x0000000000000000       0x38
 .comment       0x0000000000000000       0x38 obj/pit.o
                                         0x39 (size before relaxing)
 .comment       0x0000000000000038       0x39 obj/main.o
 .comment       0x0000000000000038       0x39 obj/startup.o

.ARM.attributes
                0x0000000000000000       0x30
 .ARM.attributes
                0x0000000000000000       0x32 obj/pit.o
 .ARM.attributes
                0x0000000000000032       0x32 obj/main.o
 .ARM.attributes
                0x0000000000000064       0x32 obj/startup.o
 .ARM.attributes
                0x0000000000000096       0x22 obj/crt0.o

.debug_frame    0x0000000000000000       0xb4
 .debug_frame   0x0000000000000000       0x5c obj/pit.o
 .debug_frame   0x000000000000005c       0x2c obj/main.o
 .debug_frame   0x0000000000000088       0x2c obj/startup.o
